
> mbti-app@0.1.0 build
> craco build

Creating an optimized production build...
Compiled with warnings.

[eslint] 
src\components\MbtiSajuModal.tsx
  Line 4:10:  'SAJU_ELEMENTS' is defined but never used  @typescript-eslint/no-unused-vars

Search for the keywords to learn more about each warning.
To ignore, add // eslint-disable-next-line to the line before.

File sizes after gzip:

  338.33 kB  build\static\js\main.3651280e.js
  43.26 kB   build\static\js\455.3c18f4a8.chunk.js
  13.51 kB   build\static\css\main.6a848057.css
  8.73 kB    build\static\js\977.ad57d543.chunk.js
  5.9 kB     build\static\js\844.cfef428f.chunk.js
  5.89 kB    build\static\js\612.43b56266.chunk.js
  3.88 kB    build\static\js\553.7639a5e5.chunk.js
  3.33 kB    build\static\js\102.9849492a.chunk.js
  2.78 kB    build\static\js\59.e4dc5dfd.chunk.js
  2.49 kB    build\static\js\794.ecff01f4.chunk.js
  2.36 kB    build\static\js\779.760d2ce3.chunk.js
  1.88 kB    build\static\js\277.7eef20e2.chunk.js
  1.31 kB    build\static\js\995.311f4e00.chunk.js

The project was built assuming it is hosted at /.
You can control this with the homepage field in your package.json.

The build folder is ready to be deployed.
You may serve it with a static server:

  npm install -g serve
  serve -s build

Find out more about deployment here:

  https://cra.link/deployment

